PASS  browser login succeeds
PASS  node API session ready

── PHASE: partial refund via Orders UI ──
created sale: POS-20260928-0001 total: 260 line qty: 2
PASS  orders page renders
PASS  detail modal opens
FAIL  refund dialog shows items-to-refund editor
FAIL  quantity input present
refund preview shown: null
FAIL  refund preview visible
FAIL  order status is partially_refunded — completed
FAIL  refundedAmount matches proportional line value — got 0, want 65
FAIL  item refundedQuantity recorded — 0
FAIL  stock restored by partial qty — before=45 now=43
FAIL  'Refund remaining' button on partial order
FAIL  order now fully refunded — completed
FAIL  refundedAmount equals full total — got 0, want 260
FAIL  stock fully restored — before=45 now=43
PASS  disposable order cleaned up — deleted 1

── PHASE: refunds ledger shows partial refunds ──
PASS  API partial refund ok — 200 partially_refunded
FAIL  ledger lists the partial order
FAIL  ledger shows 'Partially refunded' badge
FAIL  partial refund detail modal opens
FAIL  detail shows refunded-qty indicator
FAIL  print receipt button opens print window — openCalls=0
FAIL  receipt contains order number
FAIL  receipt contains refunded amount

── PHASE: POS keyboard shortcuts ──
FAIL  shortcut hints show F2/F3/F4
FAIL  F3 toggles product view —  → All
PASS  search input present
FAIL  F4 opens payment dialog with cart items
FAIL  F2 clears cart and focuses search

── PHASE: dashboard low-stock widget + refund trend ──
PASS  low-stock widget renders
PASS  refund trend/reasons cards present

═══ 9 PASS / 22 FAIL ═══
console errors: [
  'Failed to load resource: the server responded with a status of 500 (Internal Server Error)',
  'Uncaught'
]

server errors (1) in audit5 — counted as failures:
  · Failed to load resource: the server responded with a status of 500 (Internal Server Error)
