
=== checkout UI flow against http://localhost:3000 ===

1. logged in, pathname=/pos (onPos=true, welcomeDismissed=true)
2. add to cart: FAILED
   page state: {
  "href": "http://localhost:3000/pos",
  "readyState": "complete",
  "htmlLen": 73274,
  "bodyLen": 0,
  "hasMain": true,
  "cards": 0,
  "gridEls": 1,
  "text": "",
  "scripts": 22,
  "mainDisplay": "block",
  "mainRect": {
    "w": 1180,
    "h": 836
  },
  "outline": "body.antialiased(div., script., div.(div.flex.h-dvh(a.neu-btn.neu-btn-sm, div.golden-grains, aside.fixed.inset-y-0, aside.fixed.inset-y-0, div.flex.flex-1, div.fixed.bottom-4)), script., script., script.)"
}

--- add-to-cart probe ---
card: null
pay button: {"found":false}
cart rail: {"found":true,"display":"flex","width":360,"right":1440,"visible":true}

--- console errors ---
· Failed to load resource: the server responded with a status of 500 (Internal Server Error)
· ClientFetchError: Unexpected token '<', "<!DOCTYPE "... is not valid JSON. Read more at https://errors.authjs.dev#autherror
    at fetchData (webpack-internal:///(app-pages-browser)/./node_modules/next-auth/lib/client.js:49:22)
    at async getSession (webpack-internal:///(app-pages-browser)/./node_modules/next-auth/react.js:123:21)
    at async SessionProvider.useEffect [as _getSession] (webpack-

--- failed requests (with body) ---
· 500 /api/auth/session
    <!DOCTYPE html><html><head><meta charSet="utf-8" data-next-head=""/><meta name="viewport" content="width=device-width" data-next-head=""/><style data-next-hide-fouc="true">body{display:none}</style><noscript data-next-hide-fouc="true"><style>body{display:block}</style></noscript><noscript data-n-css=""></noscript><script defer="" noModule="" src="/_next/static/chunks/polyfills.js"></script><script src="/_next/static/chunks/webpack.js" defer=""></script><script src="/_next/static/chunks/main.js" defer=""></script><script src="/_next/static/chunks/pages/_app.js" defer=""></script><script src="/_
  📸 D:\New folder (2)\Najjar Supper Mart/.audit-shots/checkout-ui-add-failed.png

console errors:
  · Failed to load resource: the server responded with a status of 500 (Internal Server Error)
  · ClientFetchError: Unexpected token '<', "<!DOCTYPE "... is not valid JSON. Read more at https://errors.authjs.dev#autherror
    at fetchData (webpack-internal:///(app-pages-browser)/./node_modules/next-auth/lib/client.js:49:22)
    at async getSession (webpack-internal:///(app-pages-browser)/./node_

server errors (1) — counted as failures:
  · HTTP 500 http://localhost:3000/api/auth/session
