=== audit-warehouse-scope.mjs  [14:32:02] ===
exit=0 [14:34:01]
═══ 15 PASS / 0 FAIL ═══
console errors: [
  'Failed to load resource: the server responded with a status of 500 (Internal Server Error)'
]
═══ 15 PASS / 0 FAIL ═══

=== audit-dashboard.mjs  [14:34:01] ===
exit=1 [14:38:32]
PASS  no horizontal page overflow on mobile — overflow=0px
  📸 D:\New folder (2)\Najjar Supper Mart/.audit-shots/dashboard-mobile.png

═══ 18 PASS / 2 FAIL ═══
FAIL  theme toggle switches to dark
═══ 18 PASS / 2 FAIL ═══

=== audit-dashboard-filters.mjs  [14:38:32] ===
exit=1 [14:41:02]
═══ 18 PASS / 7 FAIL ═══
console errors: [
  'Failed to load resource: the server responded with a status of 500 (Internal Server Error)'
]
FAIL  restore Today
═══ 18 PASS / 7 FAIL ═══

=== audit-products.mjs  [14:41:02] ===
exit=1 [14:47:28]
  'Uncaught',
  'Failed to load resource: the server responded with a status of 404 (Not Found)',
  'Uncaught'
]
FAIL  edit form body is scrollable (no clipping) — sh=undefined ch=undefined
═══ 20 PASS / 9 FAIL ═══

=== audit-refunds.mjs  [14:47:28] ===
exit=1 [14:52:58]
console errors: [
  'Uncaught SyntaxError: Invalid or unexpected token',
  'Uncaught SyntaxError: Invalid or unexpected token'
]
FAIL  row opens the customer detail modal
═══ 29 PASS / 4 FAIL ═══

=== audit5.mjs  [14:52:59] ===
exit=1 [14:55:53]
    at process.processTicksAndRejections (node:internal/process/task_queues:103:5)
    at async phasePartialRefundUI (file:///D:/New%20folder%20(2)/Najjar%20Supper%20Mart/.audit-baseline/audit5.mjs:239:36)

═══ 2 PASS / 0 FAIL ═══
═══ 2 PASS / 0 FAIL ═══

=== audit-followups-ui.mjs  [14:55:54] ===
exit=13 [15:00:10]
  - inventory: Export menu opens  
  - inventory: Export menu offers CSV  
  - inventory: CSV export produced content  (item not clickable)
  - no console errors  UNCAUGHT: SyntaxError: Invalid or unexpected token @ http://127.0.0.1:3000/_next/static/chunks/app/layout.js:200
FAIL  no console errors  — UNCAUGHT: SyntaxError: Invalid or unexpected token @ http://127.0.0.1:3000/_next/static/chunks/app/layout.js:200
FAILURES:

=== audit-checkout-ui.mjs  [15:00:10] ===
exit=0 [15:02:57]
--- failed requests (with body) ---
(none)

nothing to clean up (no order was created)
=== BASELINE DONE [15:02:57] ===
