
=== follow-up UI verification against http://127.0.0.1:3000 ===

logged in

  dashboard stat cards: []
FAIL  dashboard: Total Products card renders  — missing
FAIL  dashboard: 'Needs Restock' card renders  — missing
FAIL  reports/inventory: Total Products card renders  — (missing)
  inventory KPI cards: [{"label":"Stock","value":"15"},{"label":"Available","value":"15"},{"label":"Value","value":"PKR 43.50"},{"label":"Stock","value":"22"},{"label":"Available","value":"22"},{"label":"Value","value":"PKR 15.40"}]
FAIL  inventory: Products Tracked KPI renders  — missing
FAIL  inventory: Low Stock KPI renders  — missing
FAIL  inventory: Out of Stock KPI renders  — missing
PASS  inventory: 'N results' counter renders  — 70 results

  /api/inventory: {"scope":"?warehouseId=cmu9cxh970007ulqg4lmvk9za&all=true","allItems":70,"allTotal":70,"allPage":1,"allPageSize":70,"allPages":1,"allStockRows":70,"allLow":23,"allOut":8,"defItems":50,"defTotal":70,"defPageSize":50} 

PASS  inventory API: all=true returns every in-scope row  — items=70 total=70 stockRows=70
PASS  inventory API: all=true is a single unpaginated page  — page=1 pages=1 pageSize=70
PASS  inventory API: default (no all) is still paged  — pageSize=50 items=50 total=70
PASS  inventory table lists EVERY in-scope row, not just page 1  — dom rows=70 scoped total=70 (default page would cap at 50)
PASS  inventory: counter matches the in-scope set  — counter=70 api=70
PASS  inventory: 'Restock only' chip badge === Low + Out KPIs  — chip=31 vs 23+8
FAIL  inventory: Export menu opens
FAIL  inventory: Export menu offers CSV
FAIL  inventory: CSV export produced content  — (item not clickable)
PASS  settings: 'Early restock warnings' switch renders  — aria-checked=false
PASS  no console errors
PASS  no failed requests

=== 10/19 checks passed ===

FAILURES:
  - dashboard: Total Products card renders  missing
  - dashboard: 'Needs Restock' card renders  missing
  - reports/inventory: Total Products card renders  (missing)
  - inventory: Products Tracked KPI renders  missing
  - inventory: Low Stock KPI renders  missing
  - inventory: Out of Stock KPI renders  missing
  - inventory: Export menu opens  
  - inventory: Export menu offers CSV  
  - inventory: CSV export produced content  (item not clickable)
