
> elite-pos@0.1.0 dev
> next dev

   ▲ Next.js 15.5.25
   - Local:        http://localhost:3000
   - Network:      http://192.168.100.34:3000
   - Environments: .env

 ✓ Starting...
 ✓ Compiled /instrumentation in 371ms (20 modules)
 ✓ Ready in 2.3s
 ✓ Compiled /middleware in 151ms (235 modules)
 ○ Compiling /api/health ...
 ✓ Compiled /api/health in 523ms (300 modules)
 GET /api/health 200 in 746ms
 GET /api/health 200 in 37ms
 ✓ Compiled /api/auth/session in 479ms (431 modules)
 GET /api/auth/session 200 in 649ms
 ○ Compiling /login ...
 ✓ Compiled /login in 1520ms (839 modules)
 GET /api/health 200 in 518ms
 GET /login 200 in 2088ms
 GET /api/health 200 in 33ms
 ✓ Compiled /api/auth/[...nextauth] in 271ms (841 modules)
 GET /api/auth/providers 200 in 977ms
[warmup] dev routes pre-compiled on http://localhost:3000 (auth session/login ready)
 GET /login?callbackUrl=%2Fdashboard 200 in 247ms
 ✓ Compiled /api/auth/session in 282ms (445 modules)
 ✓ Compiled (575 modules)
 GET /icon.svg?51e573b1d444670c 200 in 585ms
 GET /api/auth/session 200 in 451ms
 GET /api/auth/session 200 in 26ms
 GET /login?callbackUrl=%2Fdashboard 200 in 251ms
 GET /api/auth/session 200 in 31ms
 GET /api/auth/session 200 in 20ms
 GET /login?callbackUrl=%2Fdashboard 200 in 76ms
 GET /api/auth/session 200 in 31ms
 GET /api/auth/session 200 in 36ms
 GET /login 200 in 84ms
 GET /api/auth/session 200 in 31ms
 GET /api/auth/session 200 in 38ms
 GET /login 200 in 74ms
 GET /api/auth/session 200 in 39ms
 GET /api/auth/session 200 in 38ms
 GET /login 200 in 78ms
 GET /api/auth/session 200 in 32ms
 GET /api/auth/session 200 in 22ms
 ✓ Compiled /api/auth/[...nextauth] in 262ms (575 modules)
 GET /api/auth/providers 200 in 393ms
 GET /api/auth/csrf 200 in 18ms
 POST /api/auth/callback/credentials? 200 in 351ms
 GET /api/auth/session 200 in 240ms
 ✓ Compiled in 2.3s (278 modules)
 ○ Compiling /dashboard ...
 ✓ Compiled /dashboard in 1278ms (1031 modules)
 GET /dashboard 200 in 1373ms
 GET /dashboard 200 in 53ms
 GET /dashboard 200 in 44ms
 GET /dashboard 200 in 40ms
 ○ Compiling /api/warehouses ...
 ✓ Compiled /api/warehouses in 880ms (1111 modules)
 GET /api/auth/csrf 200 in 891ms
 GET /api/activity?limit=12 200 in 1216ms
 GET /api/settings/currency 200 in 1223ms
 GET /api/warehouses 200 in 1233ms
 GET /api/dashboard?from=2026-09-28&to=2026-09-28 200 in 1237ms
 GET /api/alerts 200 in 936ms
 GET /api/fx/rates 200 in 1573ms
 POST /api/auth/callback/credentials 302 in 512ms
 GET /api/activity?limit=12 200 in 1014ms
 GET /api/settings/currency 200 in 1017ms
 GET /api/warehouses 200 in 1023ms
 GET /api/dashboard?from=2026-09-28&to=2026-09-28 200 in 1033ms
 GET /api/alerts 200 in 1117ms
 ○ Compiling /api/pos/search ...
 ✓ Compiled /api/pos/search in 2.2s (1128 modules)
 GET /api/warehouses 200 in 1648ms
 GET /api/pos/search?q=Sugar&limit=5 200 in 1662ms
 GET /api/alerts?warehouseId=cmu9cxh970007ulqg4lmvk9za 200 in 1427ms
 GET /dashboard 200 in 176ms
 ○ Compiling /api/pos/checkout ...
 ✓ Compiled /api/pos/checkout in 532ms (1126 modules)
 POST /api/pos/checkout 201 in 782ms
 ○ Compiling /api/orders/[id] ...
 ✓ Compiled /api/orders/[id] in 1168ms (1144 modules)
 GET /dashboard 200 in 103ms
 GET /api/orders/cmul6fhge0001uljc8akbmeec 200 in 1722ms
 ○ Compiling /orders ...
 ✓ Compiled /orders in 1237ms (1255 modules)
 GET /orders 200 in 1791ms
 GET /api/alerts 200 in 151ms
 ○ Compiling /api/settings ...
 ✓ Compiled /api/settings in 1261ms (1260 modules)
 GET /api/settings/currency 200 in 1431ms
 GET /api/warehouses 200 in 1053ms
 GET /api/settings 200 in 1457ms
 GET /api/orders?page=1&pageSize=15 200 in 1460ms
 GET /api/orders?page=1&pageSize=100 200 in 1467ms
 GET /api/fx/rates 200 in 1516ms
 GET /api/auth/session 200 in 126ms
 GET /api/alerts?warehouseId=cmu9cxh970007ulqg4lmvk9za 200 in 455ms
 GET /api/orders?page=2&pageSize=100 200 in 116ms
 ✓ Compiled in 547ms (418 modules)
 GET /api/auth/session 200 in 430ms
 GET /api/orders/cmul6fhge0001uljc8akbmeec 200 in 422ms
 ✓ Compiled in 489ms (418 modules)
 GET /api/orders?page=3&pageSize=100 200 in 107ms
 GET /orders 200 in 196ms
 GET /api/orders?page=4&pageSize=100 200 in 67ms
 GET /orders 200 in 66ms
 ✓ Compiled in 341ms (418 modules)
 ✓ Compiled in 381ms (418 modules)
 GET /orders 200 in 95ms
 GET /orders 200 in 44ms
 GET /api/orders/cmul6fhge0001uljc8akbmeec 200 in 49ms
 GET /orders 200 in 558ms
 GET /api/settings 200 in 119ms
 GET /api/fx/rates 200 in 121ms
 GET /api/settings/currency 200 in 122ms
 GET /api/orders?page=1&pageSize=15 200 in 124ms
 GET /api/alerts 200 in 128ms
 GET /api/orders?page=1&pageSize=100 200 in 133ms
 GET /api/warehouses 200 in 101ms
 GET /api/auth/session 200 in 114ms
 GET /api/alerts?warehouseId=cmu9cxh970007ulqg4lmvk9za 200 in 138ms
 GET /api/orders?page=2&pageSize=100 200 in 59ms
 GET /api/auth/session 200 in 99ms
 GET /api/orders?page=3&pageSize=100 200 in 127ms
 GET /api/orders/cmul6fhge0001uljc8akbmeec 200 in 70ms
 GET /api/orders?page=4&pageSize=100 200 in 46ms
 GET /api/orders/cmul6fhge0001uljc8akbmeec 200 in 44ms
 GET /api/pos/search?q=Sugar&limit=5 200 in 210ms
 GET /api/warehouses 200 in 222ms
 ✓ Compiled in 639ms (418 modules)
 ✓ Compiled in 519ms (418 modules)
 POST /api/pos/checkout 201 in 236ms
 GET /orders 200 in 537ms
 ✓ Compiled in 485ms (418 modules)
 GET /api/orders/cmul6gk4i000buljcepa4eqqx 200 in 153ms
 GET /orders 200 in 523ms
 ✓ Compiled in 475ms (418 modules)
 POST /api/orders/cmul6gk4i000buljcepa4eqqx 200 in 129ms
 GET /orders 200 in 410ms
 ○ Compiling /refunds ...
 ✓ Compiled /refunds in 1320ms (1281 modules)
 GET /refunds 200 in 1501ms
 GET /api/alerts 200 in 90ms
 ○ Compiling /api/refunds ...
 ✓ Compiled /api/refunds in 1248ms (1269 modules)
 GET /api/settings/currency 200 in 1514ms
 GET /api/warehouses 200 in 1515ms
 GET /api/orders?status=refunded%2Cpartially_refunded&page=1&pageSize=15 200 in 1521ms
 GET /api/auth/session 200 in 1180ms
 GET /api/refunds? 200 in 1536ms
 GET /api/fx/rates 200 in 1622ms
 GET /api/alerts?warehouseId=cmu9cxh970007ulqg4lmvk9za 200 in 104ms
 ✓ Compiled in 433ms (420 modules)
 GET /api/auth/session 200 in 172ms
 GET /api/orders/cmul6gk4i000buljcepa4eqqx 200 in 522ms
 ✓ Compiled in 774ms (420 modules)
 GET /refunds 200 in 324ms
 GET /refunds 200 in 58ms
 ○ Compiling /pos ...
 ✓ Compiled /pos in 2.9s (1756 modules)
 GET /pos 200 in 3227ms
 GET /api/alerts 200 in 192ms
 ○ Compiling /api/products/lookup ...
 ✓ Compiled /api/products/lookup in 1624ms (1746 modules)
 GET /api/settings 200 in 1876ms
 GET /api/pos/search?limit=100&warehouseId=cmu9cxh970007ulqg4lmvk9za 200 in 1881ms
 GET /api/categories 200 in 1902ms
 GET /api/settings/currency 200 in 1567ms
 GET /api/products/lookup?status=low%2Cout&limit=20&warehouseId=cmu9cxh970007ulqg4lmvk9za 200 in 1906ms
 GET /api/fx/rates 200 in 1961ms
 GET /api/warehouses 200 in 525ms
 GET /api/auth/session 200 in 537ms
 GET /api/alerts?warehouseId=cmu9cxh970007ulqg4lmvk9za 200 in 529ms
 GET /api/pos/search?limit=100&warehouseId=cmu9cxh970007ulqg4lmvk9za 200 in 567ms
 GET /api/products/lookup?status=low%2Cout&limit=20&warehouseId=cmu9cxh970007ulqg4lmvk9za 200 in 639ms
 ✓ Compiled in 829ms (655 modules)
 GET /api/auth/session 200 in 411ms
 ○ Compiling /api/files/[name] ...
 GET /pos 200 in 310ms
 ✓ Compiled /api/files/[name] in 1787ms (1739 modules)
 GET /pos 200 in 110ms
 GET /api/files/d1893587-5418-4dd7-9609-8bc7aa2b445b.jpg 200 in 2662ms
 ○ Compiling /dashboard ...
 ✓ Compiled /dashboard in 753ms (1104 modules)
 GET /dashboard 200 in 1333ms
 GET /api/alerts 200 in 152ms
 GET /api/settings/currency 200 in 214ms
 GET /api/warehouses 200 in 214ms
 GET /api/fx/rates 200 in 214ms
 ○ Compiling /api/activity ...
 ✓ Compiled /api/activity in 513ms (1106 modules)
 ✓ Compiled (1108 modules)
 ✓ Compiled in 561ms (655 modules)
 ✓ Compiled in 391ms (655 modules)
 GET /login?callbackUrl=%2Fdashboard 200 in 239ms
 ○ Compiling /icon.svg ...
 ✓ Compiled /icon.svg in 647ms (1110 modules)
 GET /icon.svg?51e573b1d444670c 200 in 1084ms
 GET /api/auth/session 200 in 1033ms
 GET /api/auth/session 200 in 32ms
 GET /login 200 in 198ms
 GET /api/auth/session 200 in 34ms
 GET /api/auth/session 200 in 19ms
 ✓ Compiled /api/auth/[...nextauth] in 443ms (992 modules)
 GET /api/auth/providers 200 in 528ms
 GET /api/auth/csrf 200 in 22ms
 POST /api/auth/callback/credentials? 200 in 373ms
 GET /api/auth/session 200 in 208ms
 ✓ Compiled in 569ms (655 modules)
 ✓ Compiled /dashboard in 210ms (998 modules)
 GET /dashboard 200 in 354ms
 GET /dashboard 200 in 60ms
 GET /dashboard 200 in 61ms
 ✓ Compiled /api/warehouses in 298ms (1049 modules)
 ✓ Compiled (1075 modules)
 GET /api/activity?limit=12 200 in 859ms
 GET /api/warehouses 200 in 869ms
 GET /api/settings/currency 200 in 873ms
 GET /api/dashboard?from=2026-09-28&to=2026-09-28 200 in 880ms
 GET /api/alerts 200 in 591ms
 GET /api/fx/rates 200 in 965ms
 ○ Compiling /api/refunds ...
 ✓ Compiled /api/refunds in 1640ms (1733 modules)
 GET /api/activity?limit=12 200 in 1859ms
 GET /api/settings/currency 200 in 1861ms
 GET /api/warehouses 200 in 1864ms
 GET /api/dashboard?from=2026-09-28&to=2026-09-28 200 in 1869ms
 GET /api/refunds 200 in 1872ms
 GET /api/alerts 200 in 1737ms
 GET /dashboard 200 in 97ms
 GET /api/alerts?warehouseId=cmu9cxh970007ulqg4lmvk9za 200 in 61ms
 ✓ Compiled /api/orders in 352ms (1080 modules)
 GET /api/orders?status=refunded,partially_refunded&pageSize=100&reason=Damaged%20%2F%20defective%20product 200 in 446ms
 GET /refunds 200 in 442ms
 GET /api/alerts 200 in 174ms
 GET /api/refunds? 200 in 209ms
 GET /api/settings/currency 200 in 211ms
 GET /api/orders?status=refunded%2Cpartially_refunded&page=1&pageSize=15 200 in 221ms
 GET /api/warehouses 200 in 223ms
 GET /api/fx/rates 200 in 251ms
 GET /api/auth/session 200 in 358ms
 GET /api/alerts?warehouseId=cmu9cxh970007ulqg4lmvk9za 200 in 414ms
 ✓ Compiled in 455ms (655 modules)
 GET /api/auth/session 200 in 396ms
 ✓ Compiled in 470ms (655 modules)
 GET /refunds 200 in 153ms
 GET /refunds 200 in 91ms
 GET /api/orders?status=refunded%2Cpartially_refunded&page=1&pageSize=15&reason=Damaged+%2F+defective+product 200 in 43ms
 GET /api/orders?status=refunded%2Cpartially_refunded&page=1&pageSize=15 200 in 55ms
 GET /refunds 200 in 348ms
 GET /api/fx/rates 200 in 139ms
 GET /api/refunds? 200 in 144ms
 GET /api/settings/currency 200 in 146ms
 GET /api/orders?status=refunded%2Cpartially_refunded&page=1&pageSize=15 200 in 148ms
 GET /api/warehouses 200 in 155ms
 GET /api/alerts 200 in 159ms
 GET /api/auth/session 200 in 70ms
 GET /api/alerts?warehouseId=cmu9cxh970007ulqg4lmvk9za 200 in 85ms
 GET /api/auth/session 200 in 41ms
 GET /api/orders?status=refunded%2Cpartially_refunded&page=1&pageSize=15&reason=Damaged+%2F+defective+product 200 in 36ms
 GET /dashboard 200 in 482ms
 GET /api/activity?limit=12 200 in 161ms
 GET /api/settings/currency 200 in 162ms
 GET /api/fx/rates 200 in 164ms
 GET /api/alerts 200 in 167ms
 GET /api/dashboard?from=2026-09-28&to=2026-09-28 200 in 169ms
 GET /api/warehouses 200 in 171ms
 GET /api/auth/session 200 in 92ms
 GET /api/alerts?warehouseId=cmu9cxh970007ulqg4lmvk9za 200 in 110ms
 GET /api/alerts 200 in 111ms
 GET /api/auth/session 200 in 45ms
 GET /refunds?from=2026-09-01&to=2026-09-30 200 in 66ms
 GET /api/orders?status=refunded%2Cpartially_refunded&page=1&pageSize=15 200 in 105ms
 GET /api/refunds? 200 in 116ms
 GET /api/refunds?from=2026-09-01&to=2026-09-30 200 in 102ms
 GET /api/orders?status=refunded%2Cpartially_refunded&page=1&pageSize=15&dateFrom=2026-09-01&dateTo=2026-09-30 200 in 107ms
 GET /api/orders?status=refunded%2Cpartially_refunded&page=1&pageSize=15 200 in 71ms
 GET /api/refunds? 200 in 59ms
 GET /api/refunds?from=2026-09-01&to=2026-09-30 200 in 31ms
 ○ Compiling /customers ...
 ✓ Compiled /customers in 1341ms (1732 modules)
 GET /customers 200 in 1946ms
 GET /api/alerts 200 in 150ms
 ○ Compiling /api/settings ...
 ✓ Compiled /api/settings in 1882ms (1739 modules)
 GET /api/customers?pageSize=10000&sortBy=createdAt&sortOrder=desc 200 in 2089ms
 GET /api/customers?page=1&pageSize=15&sortBy=createdAt&sortOrder=desc 200 in 2092ms
 GET /api/settings 200 in 2094ms
 GET /api/settings/currency 200 in 1688ms
 GET /api/reports/receivables 200 in 2099ms
 GET /api/fx/rates 200 in 2166ms
 GET /api/warehouses 200 in 206ms
 GET /api/auth/session 200 in 505ms
 GET /api/customers?pageSize=10000 200 in 513ms
 GET /api/alerts?warehouseId=cmu9cxh970007ulqg4lmvk9za 200 in 525ms
 ✓ Compiled in 585ms (659 modules)
 GET /api/auth/session 200 in 387ms
 GET /api/customers?page=1&pageSize=15&sortBy=totalSpent&sortOrder=desc 200 in 379ms
 ✓ Compiled in 479ms (659 modules)
 GET /customers 200 in 479ms
 ✓ Compiled in 462ms (659 modules)
 GET /customers 200 in 81ms
 GET /customers 200 in 61ms
 GET /customers 200 in 506ms
 GET /api/customers?pageSize=10000&sortBy=createdAt&sortOrder=desc 200 in 149ms
 GET /api/customers?page=1&pageSize=15&sortBy=createdAt&sortOrder=desc 200 in 151ms
 GET /api/fx/rates 200 in 152ms
 GET /api/reports/receivables 200 in 154ms
 GET /api/alerts 200 in 157ms
 GET /api/settings 200 in 168ms
 GET /api/settings/currency 200 in 102ms
 GET /api/auth/session 200 in 112ms
 GET /api/warehouses 200 in 117ms
 GET /api/alerts?warehouseId=cmu9cxh970007ulqg4lmvk9za 200 in 127ms
 GET /api/auth/session 200 in 53ms
 ✓ Compiled in 641ms (659 modules)
 GET /login?callbackUrl=%2Fdashboard 200 in 137ms
 ⚠ Cross origin request detected from 127.0.0.1 to /_next/* resource. In a future major version of Next.js, you will need to explicitly configure "allowedDevOrigins" in next.config to allow this.
Read more: https://nextjs.org/docs/app/api-reference/config/next-config-js/allowedDevOrigins
 ○ Compiling /icon.svg ...
 ✓ Compiled /icon.svg in 619ms (1096 modules)
 GET /icon.svg?51e573b1d444670c 200 in 1030ms
 GET /api/auth/session 200 in 927ms
 GET /api/auth/session 200 in 20ms
 GET /login 200 in 243ms
 GET /api/auth/session 200 in 38ms
 GET /api/auth/session 200 in 35ms
 GET /api/auth/providers 200 in 34ms
 GET /api/auth/csrf 200 in 25ms
 POST /api/auth/callback/credentials? 200 in 396ms
 GET /api/auth/session 200 in 107ms
 ✓ Compiled in 468ms (659 modules)
 ✓ Compiled in 496ms (659 modules)
 GET /dashboard 200 in 181ms
 GET /dashboard 200 in 61ms
 GET /dashboard 200 in 49ms
 GET /dashboard 200 in 49ms
 GET /api/alerts 200 in 124ms
 GET /api/activity?limit=12 200 in 337ms
 GET /api/settings/currency 200 in 339ms
 GET /api/dashboard?from=2026-09-28&to=2026-09-28 200 in 358ms
 GET /api/warehouses 200 in 352ms
 GET /api/alerts 200 in 630ms
 GET /api/fx/rates 200 in 1085ms
 GET /api/activity?limit=12 200 in 631ms
 GET /api/dashboard?from=2026-09-28&to=2026-09-28 200 in 630ms
 GET /api/settings/currency 200 in 630ms
 GET /dashboard 200 in 811ms
 ✓ Compiled in 464ms (659 modules)
 ✓ Compiled in 350ms (659 modules)
 GET /api/fx/rates 200 in 133ms
 GET /api/activity?limit=12 200 in 137ms
 GET /api/settings/currency 200 in 139ms
 GET /api/dashboard?from=2026-09-28&to=2026-09-28 200 in 144ms
 GET /api/alerts 200 in 145ms
 GET /api/warehouses 200 in 139ms
 GET /api/auth/session 200 in 82ms
 GET /api/alerts 200 in 89ms
 GET /api/alerts?warehouseId=cmu9cxh970007ulqg4lmvk9za 200 in 48ms
 GET /api/auth/session 200 in 42ms
 ○ Compiling /reports/inventory ...
 ✓ Compiled /reports/inventory in 1199ms (1748 modules)
 ⚠ Fast Refresh had to perform a full reload. Read more: https://nextjs.org/docs/messages/fast-refresh-reload
 GET /reports/inventory 200 in 1831ms
 GET /api/alerts 200 in 148ms
 ○ Compiling /api/reports/inventory ...
 ✓ Compiled /api/reports/inventory in 1169ms (1750 modules)
 GET /api/auth/session 200 in 1397ms
 GET /api/settings/currency 200 in 1399ms
 GET /api/warehouses 200 in 1404ms
 GET /api/alerts?warehouseId=cmu9cxh970007ulqg4lmvk9za 200 in 1200ms
 GET /api/reports/inventory 200 in 1448ms
 GET /api/fx/rates 200 in 1509ms
 GET /api/auth/session 200 in 83ms
 ✓ Compiled in 497ms (661 modules)
 ✓ Compiled in 543ms (661 modules)
 GET /reports/inventory 200 in 202ms
 GET /reports/inventory 200 in 69ms
 ○ Compiling /inventory ...
 ✓ Compiled /inventory in 1300ms (1757 modules)
 GET /inventory 200 in 2205ms
 GET /api/alerts 200 in 148ms
 ○ Compiling /api/inventory ...
 ✓ Compiled /api/inventory in 1857ms (1759 modules)
 GET /api/auth/session 200 in 2096ms
 GET /api/settings/currency 200 in 2100ms
 GET /api/warehouses 200 in 2105ms
 GET /api/inventory?warehouseId=cmu9cxh970007ulqg4lmvk9za&all=true 200 in 1733ms
 GET /api/inventory?all=true 200 in 2142ms
 GET /api/auth/session 200 in 135ms
 GET /api/warehouses 200 in 120ms
 GET /api/alerts?warehouseId=cmu9cxh970007ulqg4lmvk9za 200 in 147ms
 GET /api/fx/rates 200 in 2725ms
 ✓ Compiled in 452ms (663 modules)
 ✓ Compiled in 529ms (663 modules)
 GET /inventory 200 in 211ms
 GET /inventory 200 in 65ms
 GET /api/inventory?warehouseId=cmu9cxh970007ulqg4lmvk9za&all=true 200 in 38ms
 GET /api/inventory?warehouseId=cmu9cxh970007ulqg4lmvk9za 200 in 48ms
 ○ Compiling /settings ...
 ✓ Compiled /settings in 707ms (1760 modules)
 GET /settings 200 in 1396ms
 GET /api/alerts 200 in 147ms
 ○ Compiling /api/system/jobs ...
 ✓ Compiled /api/system/jobs in 1779ms (1763 modules)
 GET /api/settings/currency 200 in 1992ms
 GET /api/warehouses 200 in 1995ms
 GET /api/settings 200 in 1998ms
 GET /api/system/jobs 200 in 2014ms
 GET /api/auth/session 200 in 1555ms
 GET /api/alerts?warehouseId=cmu9cxh970007ulqg4lmvk9za 200 in 83ms
 GET /api/auth/session 200 in 48ms
 ○ Compiling /api/notifications/log ...
 ✓ Compiled /api/notifications/log in 638ms (1765 modules)
 GET /api/notifications/log?limit=25 200 in 737ms
 GET /api/notifications/log?limit=25 200 in 48ms
 GET /api/fx/rates 200 in 3097ms
 ✓ Compiled in 410ms (667 modules)
 ✓ Compiled in 558ms (667 modules)
 ✓ Compiled in 545ms (667 modules)
 ✓ Compiled in 538ms (667 modules)
 ✓ Compiled in 552ms (667 modules)
 ✓ Compiled in 453ms (667 modules)
 ✓ Compiled in 378ms (667 modules)
 ✓ Compiled in 2.9s (667 modules)
 ✓ Compiled in 1398ms (667 modules)
 GET /login?callbackUrl=%2Forders 200 in 1164ms
 GET /icon.svg?51e573b1d444670c 200 in 147ms
 GET /api/auth/session 200 in 155ms
 GET /api/auth/session 200 in 107ms
 GET /login?callbackUrl=%2Forders 200 in 469ms
 GET /api/auth/session 200 in 131ms
 GET /api/auth/session 200 in 115ms
 ✓ Compiled in 907ms (667 modules)
 GET /login?callbackUrl=%2Fdashboard 200 in 141ms
 GET /icon.svg?51e573b1d444670c 200 in 40ms
 GET /api/auth/session 200 in 50ms
 GET /api/auth/session 200 in 48ms
 GET /login?callbackUrl=%2Fdashboard 200 in 151ms
 GET /api/auth/session 200 in 37ms
 GET /api/auth/session 200 in 38ms
 GET /login?callbackUrl=%2Fdashboard 200 in 154ms
 GET /api/auth/session 200 in 64ms
 GET /api/auth/session 200 in 50ms
 GET /login 200 in 149ms
 GET /api/auth/session 200 in 56ms
 GET /api/auth/session 200 in 55ms
 GET /login 200 in 161ms
 GET /api/auth/session 200 in 39ms
 GET /api/auth/session 200 in 34ms
 GET /login 200 in 410ms
 GET /api/auth/session 200 in 135ms
 GET /api/auth/session 200 in 97ms
 GET /api/auth/providers 200 in 203ms
 GET /api/auth/csrf 200 in 127ms
 POST /api/auth/callback/credentials? 200 in 1691ms
 GET /api/auth/session 200 in 1520ms
 ✓ Compiled in 2.9s (667 modules)
 GET /dashboard 200 in 313ms
 GET /dashboard 200 in 260ms
 GET /dashboard 200 in 460ms
 GET /api/alerts 200 in 559ms
 GET /api/activity?limit=12 200 in 1099ms
 GET /api/settings/currency 200 in 1103ms
 GET /api/warehouses 200 in 1130ms
 GET /api/dashboard?from=2026-09-28&to=2026-09-28 200 in 1168ms
 GET /api/auth/csrf 200 in 398ms
 GET /api/fx/rates 200 in 1677ms
 GET /api/alerts 200 in 2027ms
 GET /api/activity?limit=12 200 in 1913ms
 GET /api/settings/currency 200 in 2029ms
 GET /api/warehouses 200 in 2034ms
 GET /api/dashboard?from=2026-09-28&to=2026-09-28 200 in 2061ms
 POST /api/auth/callback/credentials 302 in 3257ms
 ✓ Compiled in 4.9s (667 modules)
 GET /api/alerts 200 in 2338ms
 GET /api/alerts?warehouseId=cmu9cxh970007ulqg4lmvk9za 200 in 1869ms
 ○ Compiling /api/pos/search ...
 GET /api/warehouses 200 in 736ms
 GET /dashboard 200 in 2094ms
 ✓ Compiled /api/pos/search in 11.9s (1450 modules)
 GET /api/pos/search?q=Sugar&limit=5 200 in 11065ms
 ○ Compiling /api/pos/checkout ...
 GET /dashboard 200 in 1979ms
 ✓ Compiled /api/pos/checkout in 5.7s (795 modules)
 POST /api/pos/checkout 201 in 7157ms
 ○ Compiling /api/orders/[id] ...
 ✓ Compiled /api/orders/[id] in 8.1s (1466 modules)
 GET /api/orders/cmul7o006000ruljc21k4bonq 200 in 6975ms
 GET /dashboard 200 in 763ms
 ○ Compiling /orders ...
 ✓ Compiled /orders in 6.1s (870 modules)
 GET /orders 200 in 9759ms
 GET /api/alerts 200 in 271ms
 ○ Compiling /api/settings ...
 ✓ Compiled /api/settings in 1482ms (873 modules)
 ✓ Compiled (875 modules)
 GET /api/settings/currency 200 in 2845ms
 GET /api/warehouses 200 in 1957ms
 GET /api/settings 200 in 2886ms
 GET /api/orders?page=1&pageSize=15 200 in 2898ms
 GET /api/orders?page=1&pageSize=100 200 in 2909ms
 GET /api/auth/session 200 in 119ms
 GET /api/alerts?warehouseId=cmu9cxh970007ulqg4lmvk9za 200 in 193ms
 GET /api/orders?page=2&pageSize=100 200 in 99ms
 GET /api/auth/session 200 in 112ms
 GET /api/orders/cmul7o006000ruljc21k4bonq 200 in 131ms
 GET /api/orders?page=3&pageSize=100 200 in 188ms
 GET /api/orders?page=4&pageSize=100 200 in 74ms
 GET /api/fx/rates 200 in 3725ms
 ✓ Compiled in 698ms (667 modules)
 ✓ Compiled in 511ms (667 modules)
 ✓ Compiled in 515ms (667 modules)
 ✓ Compiled in 677ms (667 modules)
 GET /login?callbackUrl=%2Fdashboard 200 in 303ms
 ○ Compiling /icon.svg ...
 ✓ Compiled /api/auth/session in 884ms (571 modules)
 ✓ Compiled (700 modules)
 GET /icon.svg?51e573b1d444670c 200 in 1688ms
 GET /api/auth/session 200 in 1242ms
 GET /api/auth/session 200 in 74ms
 GET /login?callbackUrl=%2Fdashboard 200 in 478ms
 GET /api/auth/session 200 in 53ms
 GET /api/auth/session 200 in 44ms
 GET /login?callbackUrl=%2Fdashboard 200 in 183ms
 GET /api/auth/session 200 in 66ms
 GET /api/auth/session 200 in 38ms
 GET /login 200 in 168ms
 GET /api/auth/session 200 in 51ms
 GET /api/auth/session 200 in 62ms
 GET /login 200 in 199ms
 GET /api/auth/session 200 in 57ms
 GET /api/auth/session 200 in 49ms
 GET /login 200 in 179ms
 GET /api/auth/session 200 in 50ms
 GET /api/auth/session 200 in 32ms
 ○ Compiling /api/auth/[...nextauth] ...
 ✓ Compiled /api/auth/[...nextauth] in 899ms (700 modules)
 GET /api/auth/providers 200 in 1105ms
 GET /api/auth/csrf 200 in 44ms
 POST /api/auth/callback/credentials? 200 in 513ms
 GET /api/auth/session 200 in 574ms
 ✓ Compiled in 1130ms (667 modules)
 GET /dashboard 200 in 194ms
 GET /dashboard 200 in 89ms
 GET /dashboard 200 in 87ms
 ✓ Compiled /api/warehouses in 473ms (754 modules)
 ✓ Compiled (780 modules)
 GET /api/auth/csrf 200 in 1591ms
 GET /api/activity?limit=12 200 in 2034ms
 GET /api/dashboard?from=2026-09-28&to=2026-09-28 200 in 2045ms
 GET /api/settings/currency 200 in 2047ms
 GET /api/warehouses 200 in 2049ms
 GET /api/alerts 200 in 1708ms
 POST /api/auth/callback/credentials 302 in 675ms
 GET /api/fx/rates 200 in 2816ms
 GET /api/activity?limit=12 200 in 1256ms
 GET /api/settings/currency 200 in 1288ms
 GET /api/warehouses 200 in 1292ms
 GET /api/dashboard?from=2026-09-28&to=2026-09-28 200 in 1307ms
 GET /api/alerts 200 in 1318ms
 GET /api/warehouses 200 in 293ms
 ○ Compiling /api/pos/search ...
 ✓ Compiled /api/pos/search in 2.9s (1450 modules)
 GET /api/pos/search?q=Sugar&limit=5 200 in 2300ms
 GET /api/alerts?warehouseId=cmu9cxh970007ulqg4lmvk9za 200 in 1338ms
 GET /dashboard 200 in 292ms
 ○ Compiling /api/pos/checkout ...
 ✓ Compiled /api/pos/checkout in 1409ms (795 modules)
 POST /api/pos/checkout 201 in 1785ms
 ○ Compiling /api/orders/[id] ...
 ✓ Compiled /api/orders/[id] in 2.2s (1466 modules)
 GET /api/orders/cmul7sxoj0011uljc6lldkvh0 200 in 1848ms
 GET /dashboard 200 in 173ms
 ○ Compiling /orders ...
 ✓ Compiled /orders in 2.1s (870 modules)
 GET /orders 200 in 3242ms
 GET /api/alerts 200 in 242ms
 ○ Compiling /api/settings ...
 ✓ Compiled /api/settings in 692ms (873 modules)
 ✓ Compiled (875 modules)
 GET /api/settings/currency 200 in 1962ms
 GET /api/warehouses 200 in 1567ms
 GET /api/settings 200 in 1996ms
 GET /api/orders?page=1&pageSize=15 200 in 2003ms
 GET /api/orders?page=1&pageSize=100 200 in 2016ms
 GET /api/fx/rates 200 in 2107ms
 GET /api/auth/session 200 in 210ms
 GET /api/alerts?warehouseId=cmu9cxh970007ulqg4lmvk9za 200 in 628ms
 ✓ Compiled in 775ms (667 modules)
 GET /api/orders?page=2&pageSize=100 200 in 711ms
 GET /api/auth/session 200 in 737ms
 GET /api/orders/cmul7sxoj0011uljc6lldkvh0 200 in 717ms
 ✓ Compiled in 977ms (667 modules)
 GET /orders 200 in 348ms
 GET /api/orders?page=3&pageSize=100 200 in 260ms
 GET /orders 200 in 124ms
 GET /api/orders?page=4&pageSize=100 200 in 110ms
 GET /api/orders/cmul7sxoj0011uljc6lldkvh0 200 in 68ms
 GET /orders 200 in 900ms
 GET /api/fx/rates 200 in 185ms
 GET /api/settings 200 in 187ms
 GET /api/alerts 200 in 192ms
 GET /api/settings/currency 200 in 193ms
 GET /api/orders?page=1&pageSize=15 200 in 196ms
 GET /api/orders?page=1&pageSize=100 200 in 204ms
 GET /api/warehouses 200 in 126ms
 GET /api/auth/session 200 in 132ms
 GET /api/alerts?warehouseId=cmu9cxh970007ulqg4lmvk9za 200 in 159ms
 GET /api/orders?page=2&pageSize=100 200 in 88ms
 GET /api/auth/session 200 in 79ms
 GET /api/orders?page=3&pageSize=100 200 in 117ms
 GET /api/orders/cmul7sxoj0011uljc6lldkvh0 200 in 102ms
 GET /api/orders?page=4&pageSize=100 200 in 106ms
 GET /api/orders/cmul7sxoj0011uljc6lldkvh0 200 in 81ms
 GET /api/pos/search?q=Sugar&limit=5 200 in 259ms
 ✓ Compiled in 878ms (667 modules)
 GET /api/warehouses 200 in 293ms
 ✓ Compiled in 763ms (667 modules)
 GET /orders 200 in 356ms
 POST /api/pos/checkout 201 in 387ms
 ✓ Compiled in 661ms (667 modules)
 GET /api/orders/cmul7tq7p001buljcnfv12s9u 200 in 283ms
 GET /orders 200 in 752ms
 ✓ Compiled in 1247ms (667 modules)
 POST /api/orders/cmul7tq7p001buljcnfv12s9u 200 in 256ms
 GET /orders 200 in 283ms
 GET /orders 200 in 349ms
 ○ Compiling /refunds ...
 ✓ Compiled /refunds in 2.6s (1540 modules)
 GET /refunds 200 in 3431ms
 GET /api/alerts 200 in 298ms
 ○ Compiling /api/refunds ...
 ✓ Compiled /api/refunds in 2.2s (875 modules)
 GET /api/settings/currency 200 in 3115ms
 GET /api/warehouses 200 in 3122ms
 GET /api/orders?status=refunded%2Cpartially_refunded&page=1&pageSize=15 200 in 3127ms
 GET /api/auth/session 200 in 2004ms
 GET /api/refunds? 200 in 3155ms
 GET /api/fx/rates 200 in 3228ms
 GET /api/alerts?warehouseId=cmu9cxh970007ulqg4lmvk9za 200 in 674ms
 ✓ Compiled in 795ms (667 modules)
 GET /api/auth/session 200 in 209ms
 GET /api/orders/cmul7tq7p001buljcnfv12s9u 200 in 665ms
 ✓ Compiled in 777ms (667 modules)
 GET /refunds 200 in 357ms
 GET /api/settings 200 in 77ms
 GET /refunds 200 in 92ms
 ○ Compiling /pos ...
 ✓ Compiled /pos in 4.4s (1778 modules)
 GET /pos 200 in 4964ms
 GET /api/alerts 200 in 519ms
 ○ Compiling /api/products/lookup ...
 ✓ Compiled /api/products/lookup in 1280ms (1108 modules)
 ✓ Compiled (1110 modules)
 GET /api/settings 200 in 2696ms
 GET /api/pos/search?limit=100&warehouseId=cmu9cxh970007ulqg4lmvk9za 200 in 2705ms
 GET /api/settings/currency 200 in 1801ms
 GET /api/categories 200 in 2737ms
 GET /api/products/lookup?status=low%2Cout&limit=20&warehouseId=cmu9cxh970007ulqg4lmvk9za 200 in 2748ms
 GET /api/fx/rates 200 in 2872ms
 GET /api/warehouses 200 in 612ms
 GET /api/auth/session 200 in 637ms
 GET /api/pos/search?limit=100&warehouseId=cmu9cxh970007ulqg4lmvk9za 200 in 740ms
 GET /api/alerts?warehouseId=cmu9cxh970007ulqg4lmvk9za 200 in 1712ms
 GET /api/products/lookup?status=low%2Cout&limit=20&warehouseId=cmu9cxh970007ulqg4lmvk9za 200 in 2273ms
 ○ Compiling /api/files/[name] ...
 ✓ Compiled /api/files/[name] in 6.3s (1782 modules)
 GET /api/auth/session 200 in 3686ms
 GET /api/files/d1893587-5418-4dd7-9609-8bc7aa2b445b.jpg 200 in 4226ms
 GET /pos 200 in 244ms
 GET /dashboard 200 in 852ms
 GET /api/alerts 200 in 341ms
 GET /api/activity?limit=12 200 in 346ms
 GET /api/fx/rates 200 in 346ms
 GET /api/settings/currency 200 in 355ms
 GET /api/warehouses 200 in 355ms
 GET /api/dashboard?from=2026-09-28&to=2026-09-28 200 in 358ms
 ✓ Compiled in 573ms (667 modules)
 ✓ Compiled in 555ms (667 modules)
 ✓ Compiled in 1118ms (667 modules)
 ✓ Compiled in 525ms (667 modules)
 ✓ Compiled in 505ms (667 modules)
 ✓ Compiled in 486ms (667 modules)
 ✓ Compiled in 495ms (667 modules)
 ✓ Compiled in 634ms (667 modules)
 GET /login?callbackUrl=%2Fdashboard 200 in 242ms
 ○ Compiling /icon.svg ...
 ✓ Compiled /api/auth/session in 1667ms (869 modules)
 ✓ Compiled (998 modules)
 GET /icon.svg?51e573b1d444670c 200 in 2430ms
 GET /api/auth/session 200 in 1725ms
 GET /api/auth/session 200 in 43ms
 GET /login?callbackUrl=%2Fdashboard 200 in 531ms
 GET /api/auth/session 200 in 43ms
 GET /api/auth/session 200 in 35ms
 GET /login?callbackUrl=%2Fdashboard 200 in 360ms
 GET /api/auth/session 200 in 107ms
 GET /api/auth/session 200 in 112ms
 GET /login 200 in 450ms
 GET /api/auth/session 200 in 137ms
 GET /api/auth/session 200 in 111ms
 GET /login 200 in 454ms
 GET /api/auth/session 200 in 126ms
 GET /api/auth/session 200 in 124ms
 GET /login 200 in 423ms
 GET /api/auth/session 200 in 133ms
 GET /api/auth/session 200 in 115ms
 ○ Compiling /api/auth/[...nextauth] ...
 ✓ Compiled /api/auth/[...nextauth] in 2.6s (998 modules)
 GET /api/auth/providers 200 in 3151ms
 GET /api/auth/csrf 200 in 97ms
 POST /api/auth/callback/credentials? 200 in 1664ms
 GET /api/auth/session 200 in 1712ms
 ✓ Compiled in 3.1s (667 modules)
 ✓ Compiled in 2.1s (667 modules)
 GET /dashboard 200 in 861ms
 GET /dashboard 200 in 233ms
 GET /dashboard 200 in 244ms
 GET /dashboard 200 in 199ms
 ○ Compiling /api/warehouses ...
 ✓ Compiled /api/warehouses in 1293ms (1049 modules)
 ✓ Compiled (1075 modules)
 GET /api/fx/rates 200 in 7977ms
 GET /api/auth/csrf 200 in 7081ms
 GET /api/activity?limit=12 200 in 8225ms
 GET /api/settings/currency 200 in 8233ms
 GET /api/dashboard?from=2026-09-28&to=2026-09-28 200 in 8286ms
 GET /api/warehouses 200 in 8234ms
 GET /api/alerts 200 in 7324ms
 POST /api/auth/callback/credentials 302 in 3488ms
 GET /api/activity?limit=12 200 in 3326ms
 GET /api/settings/currency 200 in 3334ms
 GET /api/warehouses 200 in 3293ms
 GET /api/dashboard?from=2026-09-28&to=2026-09-28 200 in 3313ms
 GET /api/alerts 200 in 3551ms
 ✓ Compiled in 3.7s (667 modules)
 GET /api/warehouses 200 in 1555ms
 ○ Compiling /api/pos/search ...
 GET /api/alerts?warehouseId=cmu9cxh970007ulqg4lmvk9za 200 in 1113ms
 ✓ Compiled /api/pos/search in 15.9s (1745 modules)
 GET /dashboard 200 in 15173ms
 GET /api/pos/search?q=Sugar&limit=5 200 in 17048ms
 ○ Compiling /api/pos/checkout ...
 ✓ Compiled /api/pos/checkout in 5.7s (1090 modules)
 GET /dashboard 200 in 8277ms
 POST /api/pos/checkout 201 in 8426ms
 ○ Compiling /api/orders/[id] ...
 ✓ Compiled /api/orders/[id] in 8s (1761 modules)
 GET /api/orders/cmul84f0t001ruljcg03kcux2 200 in 6714ms
 GET /dashboard 200 in 563ms
 GET /orders 200 in 3382ms
 ○ Compiling /api/settings ...
 GET /api/alerts 200 in 1342ms
 ✓ Compiled /api/settings in 3.3s (1097 modules)
 ✓ Compiled (1099 modules)
 GET /api/settings/currency 200 in 7378ms
 GET /api/warehouses 200 in 5463ms
 GET /api/settings 200 in 7485ms
 GET /api/orders?page=1&pageSize=15 200 in 7496ms
 GET /api/orders?page=1&pageSize=100 200 in 7525ms
 GET /api/fx/rates 200 in 7582ms
 GET /api/auth/session 200 in 6343ms
 GET /api/alerts?warehouseId=cmu9cxh970007ulqg4lmvk9za 200 in 5034ms
 ✓ Compiled in 7.3s (667 modules)
 GET /api/orders?page=2&pageSize=100 200 in 939ms
 GET /api/orders/cmul84f0t001ruljcg03kcux2 200 in 944ms
 GET /api/auth/session 200 in 1430ms
 ✓ Compiled in 2.6s (667 modules)
 GET /api/orders?page=3&pageSize=100 200 in 1277ms
 GET /api/orders/cmul84f0t001ruljcg03kcux2 200 in 793ms
 GET /orders 200 in 1353ms
 GET /api/orders?page=4&pageSize=100 200 in 248ms
 GET /orders 200 in 341ms
 GET /api/orders/cmul84f0t001ruljcg03kcux2 200 in 169ms
 GET /orders 200 in 2677ms
 GET /api/fx/rates 200 in 520ms
 GET /api/orders?page=1&pageSize=15 200 in 529ms
 GET /api/alerts 200 in 537ms
 GET /api/settings 200 in 539ms
 GET /api/settings/currency 200 in 542ms
 GET /api/orders?page=1&pageSize=100 200 in 567ms
 GET /api/warehouses 200 in 321ms
 GET /api/auth/session 200 in 331ms
 GET /api/alerts?warehouseId=cmu9cxh970007ulqg4lmvk9za 200 in 370ms
 GET /api/orders?page=2&pageSize=100 200 in 228ms
 GET /api/orders/cmul84f0t001ruljcg03kcux2 200 in 174ms
 GET /api/auth/session 200 in 236ms
 GET /api/orders?page=3&pageSize=100 200 in 268ms
 GET /api/orders?page=4&pageSize=100 200 in 141ms
 GET /api/orders/cmul84f0t001ruljcg03kcux2 200 in 167ms
 ⨯ SyntaxError: Unexpected end of JSON input
    at JSON.parse (<anonymous>) {
  page: '/api/warehouses'
}
 GET /api/pos/search?q=Sugar&limit=5 200 in 2901ms
 ○ Compiling /_error ...
 ✓ Compiled /_error in 14.3s (2098 modules)
 GET /api/warehouses 500 in 14464ms
 GET /orders 200 in 2900ms
 GET /api/warehouses 200 in 595ms
 GET /orders 200 in 472ms
 ○ Compiling /api/pos/checkout ...
 ✓ Compiled /api/pos/checkout in 1875ms (1287 modules)
 GET /orders 200 in 4296ms
 POST /api/pos/checkout 201 in 4954ms
 ✓ Compiled in 3.7s (820 modules)
 GET /api/orders/cmul86am40021uljcd9frnxp5 200 in 2323ms
 ⨯ SyntaxError: Unexpected end of JSON input
    at JSON.parse (<anonymous>) {
  page: '/api/orders/cmul86am40021uljcd9frnxp5'
}
 GET /orders 200 in 1286ms
 ✓ Compiled in 5s (2093 modules)
 POST /api/orders/cmul86am40021uljcd9frnxp5 500 in 3753ms
 GET /orders 200 in 612ms
 POST /api/orders/cmul86am40021uljcd9frnxp5 200 in 504ms
 ✓ Compiled in 1777ms (820 modules)
 GET /refunds 200 in 5013ms
 ✓ Compiled in 4.9s (820 modules)
 ○ Compiling /api/fx/rates ...
 GET /api/alerts 200 in 806ms
 ✓ Compiled /api/auth/session in 5s (1279 modules)
 ✓ Compiled (1287 modules)
 GET /api/warehouses 200 in 7312ms
 GET /api/orders?status=refunded%2Cpartially_refunded&page=1&pageSize=15 200 in 7332ms
 GET /api/auth/session 200 in 3841ms
 GET /api/refunds? 200 in 7468ms
 GET /api/settings/currency 200 in 7472ms
 GET /api/fx/rates 200 in 7689ms
 GET /api/alerts?warehouseId=cmu9cxh970007ulqg4lmvk9za 200 in 489ms
 ✓ Compiled in 1967ms (820 modules)
 GET /api/auth/session 200 in 739ms
 GET /api/orders/cmul86am40021uljcd9frnxp5 200 in 575ms
 ○ Compiling /api/settings ...
 GET /refunds 200 in 1003ms
 ✓ Compiled /api/settings in 12.2s (2109 modules)
 GET /api/settings 200 in 13832ms
 GET /pos 200 in 12126ms
 GET /api/alerts 200 in 722ms
 ○ Compiling /api/pos/search ...
 ✓ Compiled /api/pos/search in 3.6s (1288 modules)
 GET /api/fx/rates 200 in 8420ms
 ✓ Compiled (1293 modules)
 GET /api/settings 200 in 9210ms
 GET /api/categories 200 in 9330ms
 GET /api/settings/currency 200 in 7077ms
 GET /api/products/lookup?status=low%2Cout&limit=20&warehouseId=cmu9cxh970007ulqg4lmvk9za 200 in 9353ms
 GET /api/pos/search?limit=100&warehouseId=cmu9cxh970007ulqg4lmvk9za 200 in 9369ms
 GET /api/warehouses 200 in 1633ms
 GET /api/auth/session 200 in 1693ms
 GET /api/products/lookup?status=low%2Cout&limit=20&warehouseId=cmu9cxh970007ulqg4lmvk9za 200 in 801ms
 GET /api/pos/search?limit=100&warehouseId=cmu9cxh970007ulqg4lmvk9za 200 in 838ms
 GET /api/alerts?warehouseId=cmu9cxh970007ulqg4lmvk9za 200 in 852ms
 ✓ Compiled in 2.4s (820 modules)
 GET /api/auth/session 200 in 1449ms
 ○ Compiling /api/files/[name] ...
 GET /pos 200 in 2477ms
 ✓ Compiled /api/files/[name] in 5.6s (2118 modules)
 GET /api/files/d1893587-5418-4dd7-9609-8bc7aa2b445b.jpg 200 in 4505ms
 GET /pos 200 in 331ms
 ✓ Compiled in 1621ms (819 modules)
 ○ Compiling /api/health ...
 ✓ Compiled /api/health in 1935ms (971 modules)
 GET /api/health 200 in 62ms
 GET /api/health 200 in 32ms
 ✓ Compiled /api/auth/session in 332ms (1097 modules)
 GET /api/auth/session 200 in 919ms
 ⨯ [Error [InvariantError]: Invariant: Expected clientReferenceManifest to be defined. This is a bug in Next.js.]
 ⨯ [Error [InvariantError]: Invariant: Expected clientReferenceManifest to be defined. This is a bug in Next.js.] {
  page: '/login'
}
 ○ Compiling /_error ...
 GET /login?callbackUrl=%2F 200 in 1859ms
 ✓ Compiled /_error in 2.3s (2012 modules)
 ⨯ [Error: ENOENT: no such file or directory, open 'D:\New folder (2)\Najjar Supper Mart\.next\server\pages\_document.js'] {
  errno: -4058,
  code: 'ENOENT',
  syscall: 'open',
  path: 'D:\\New folder (2)\\Najjar Supper Mart\\.next\\server\\pages\\_document.js'
}
 GET /login 500 in 5385ms
 ○ Compiling /api/auth/[...nextauth] ...
 ✓ Compiled /icon.svg in 1106ms (1194 modules)
 ✓ Compiled (1196 modules)
 GET /icon.svg?51e573b1d444670c 200 in 1606ms
 GET /api/auth/providers 200 in 2553ms
 GET /login?callbackUrl=%2F 200 in 408ms
 GET /login?callbackUrl=%2F 200 in 121ms
 GET /icon.svg?51e573b1d444670c 200 in 32ms
 ○ Compiling /_not-found ...
 ✓ Compiled /_not-found in 4.7s (2017 modules)
 GET /dashboard 404 in 5823ms
 GET /api/auth/session 200 in 271ms
 GET /api/auth/session 200 in 131ms
 ✓ Compiled in 1851ms (819 modules)
 ✓ Compiled in 1573ms (819 modules)
 ✓ Compiled in 645ms (819 modules)
 ✓ Compiled in 828ms (819 modules)
 GET /login?callbackUrl=%2Fdashboard 200 in 182ms
 GET /icon.svg?51e573b1d444670c 200 in 61ms
 GET /api/auth/session 200 in 60ms
 GET /api/auth/session 200 in 42ms
 GET /login?callbackUrl=%2Fdashboard 200 in 165ms
 GET /api/auth/session 200 in 60ms
 GET /api/auth/session 200 in 55ms
 GET /login?callbackUrl=%2Fdashboard 200 in 128ms
 GET /api/auth/session 200 in 29ms
 GET /api/auth/session 200 in 33ms
 GET /login 200 in 263ms
 GET /api/auth/session 200 in 61ms
 GET /api/auth/session 200 in 61ms
 GET /login 200 in 476ms
 GET /api/auth/session 200 in 140ms
 GET /api/auth/session 200 in 131ms
 GET /login 200 in 471ms
 GET /api/auth/session 200 in 137ms
 GET /api/auth/session 200 in 105ms
 ○ Compiling /_error ...
 ✓ Compiled /_error in 7.3s (2013 modules)
 GET /api/auth/providers 404 in 8381ms
 GET /login 200 in 809ms
 GET /api/auth/error 200 in 424ms
 GET /login?callbackUrl=%2Fdashboard 200 in 805ms
 GET /api/auth/session 200 in 154ms
 GET /api/auth/session 200 in 101ms
 GET /login?callbackUrl=%2Fdashboard 200 in 386ms
 GET /api/auth/session 200 in 109ms
 GET /api/auth/session 200 in 105ms
 GET /login?callbackUrl=%2Fdashboard 200 in 380ms
 GET /api/auth/session 200 in 636ms
 GET /api/auth/session 200 in 157ms
 GET /login 200 in 428ms
 GET /api/auth/session 200 in 144ms
 GET /api/auth/session 200 in 135ms
 GET /login 200 in 490ms
 GET /api/auth/session 200 in 115ms
 GET /api/auth/session 200 in 126ms
 GET /login 200 in 430ms
 GET /api/auth/session 200 in 145ms
 GET /api/auth/session 200 in 108ms
 GET /api/auth/providers 200 in 185ms
 GET /api/auth/csrf 200 in 122ms
 POST /api/auth/callback/credentials? 200 in 1554ms
 ⨯ SyntaxError: Unexpected end of JSON input
    at JSON.parse (<anonymous>) {
  page: '/api/auth/session'
}
 ○ Compiling /_error ...
 ✓ Compiled /_error in 8.8s (2012 modules)
 GET /api/auth/session 500 in 7689ms
 GET /dashboard 200 in 773ms
 GET /dashboard 200 in 255ms
 GET /dashboard 200 in 2158ms
 GET /api/auth/csrf 200 in 268ms
 ○ Compiling /api/warehouses ...
 POST /api/auth/callback/credentials 302 in 3183ms
 ✓ Compiled /api/pos/search in 13.2s (2092 modules)
 GET /api/activity?limit=12 200 in 15801ms
 GET /api/settings/currency 200 in 15819ms
 GET /api/warehouses 200 in 15825ms
 GET /api/auth/session 200 in 7644ms
 GET /api/warehouses 200 in 10305ms
 GET /api/dashboard?from=2026-09-28&to=2026-09-28 200 in 15862ms
 GET /api/pos/search?q=Sugar&limit=5 200 in 10335ms
 GET /api/alerts 200 in 15893ms
 ○ Compiling /api/pos/checkout ...
 ✓ Compiled /api/pos/checkout in 19s (2104 modules)
 GET /api/auth/session 200 in 16594ms
 GET /api/alerts 200 in 20452ms
 GET /api/alerts?warehouseId=cmu9cxh970007ulqg4lmvk9za 200 in 18117ms
 GET /dashboard 200 in 20471ms
 POST /api/pos/checkout 201 in 20650ms
 GET /dashboard 200 in 4122ms
 ○ Compiling /api/orders/[id] ...
 ✓ Compiled /api/orders/[id] in 9.5s (2013 modules)
 GET /api/orders/cmul90573002huljcvn4dye0p 200 in 8440ms
 GET /orders 200 in 3245ms
 GET /api/orders/cmul90573002huljcvn4dye0p 200 in 245ms
 GET /orders 200 in 1167ms
 GET /api/orders/cmul90573002huljcvn4dye0p 200 in 244ms
 GET /api/pos/search?q=Sugar&limit=5 200 in 2530ms
 GET /api/warehouses 200 in 2568ms
 ✓ Compiled in 4.3s (819 modules)
 ✓ Compiled in 2.2s (819 modules)
 POST /api/pos/checkout 201 in 944ms
 ✓ Compiled in 1315ms (819 modules)
 GET /api/orders/cmul932zq002ruljc6q7tfp4a 200 in 182ms
 ✓ Compiled in 812ms (819 modules)
 POST /api/orders/cmul932zq002ruljc6q7tfp4a 200 in 345ms
 ✓ Compiled in 806ms (819 modules)
 GET /refunds 200 in 1131ms
 ✓ Compiled in 1199ms (819 modules)
 ✓ Compiled in 1674ms (819 modules)
 ✓ Compiled in 605ms (819 modules)
 ✓ Compiled in 605ms (819 modules)
<w> [webpack.cache.PackFileCacheStrategy] Caching failed for pack: Error: ENOENT: no such file or directory, rename 'D:\New folder (2)\Najjar Supper Mart\.next\cache\webpack\client-development\25.pack.gz_' -> 'D:\New folder (2)\Najjar Supper Mart\.next\cache\webpack\client-development\25.pack.gz'
 ✓ Compiled in 830ms (819 modules)
 ✓ Compiled in 658ms (819 modules)
 ✓ Compiled in 630ms (819 modules)
 ✓ Compiled in 872ms (819 modules)
 GET /login?callbackUrl=%2Fdashboard 200 in 220ms
 ○ Compiling /icon.svg ...
 ✓ Compiled /api/auth/session in 2.3s (968 modules)
 ✓ Compiled (1097 modules)
 GET /icon.svg?51e573b1d444670c 200 in 3146ms
 GET /api/auth/session 200 in 3024ms
 GET /api/auth/session 200 in 47ms
 GET /login?callbackUrl=%2Fdashboard 200 in 534ms
 GET /api/auth/session 200 in 64ms
 GET /api/auth/session 200 in 71ms
 GET /login?callbackUrl=%2Fdashboard 200 in 70ms
 GET /api/auth/session 200 in 27ms
 GET /api/auth/session 200 in 21ms
 GET /login 200 in 72ms
 GET /api/auth/session 200 in 39ms
 GET /api/auth/session 200 in 24ms
 GET /login 200 in 76ms
 GET /api/auth/session 200 in 34ms
 GET /api/auth/session 200 in 21ms
 GET /login 200 in 111ms
 GET /api/auth/session 200 in 24ms
 GET /api/auth/session 200 in 24ms
 ○ Compiling /api/auth/[...nextauth] ...
 ✓ Compiled /api/auth/[...nextauth] in 713ms (1097 modules)
 GET /api/auth/providers 200 in 866ms
 GET /api/auth/csrf 200 in 19ms
 POST /api/auth/callback/credentials? 200 in 340ms
 GET /api/auth/session 200 in 621ms
 ✓ Compiled in 970ms (819 modules)
 GET /dashboard 200 in 127ms
 GET /dashboard 200 in 38ms
 GET /dashboard 200 in 39ms
 ✓ Compiled /api/warehouses in 343ms (1148 modules)
 ✓ Compiled (1174 modules)
 GET /api/auth/csrf 200 in 1963ms
 GET /api/activity?limit=12 200 in 2213ms
 GET /api/settings/currency 200 in 2215ms
 GET /api/warehouses 200 in 2224ms
 GET /api/dashboard?from=2026-09-28&to=2026-09-28 200 in 2230ms
 GET /api/alerts 200 in 2022ms
 GET /api/fx/rates 200 in 2655ms
 POST /api/auth/callback/credentials 302 in 492ms
 GET /api/activity?limit=12 200 in 505ms
 GET /api/settings/currency 200 in 814ms
 GET /api/warehouses 200 in 815ms
 GET /api/dashboard?from=2026-09-28&to=2026-09-28 200 in 822ms
 GET /api/alerts 200 in 834ms
 GET /api/warehouses 200 in 308ms
 ○ Compiling /api/pos/search ...
 ✓ Compiled /api/pos/search in 2.4s (1996 modules)
 GET /api/pos/search?q=Sugar&limit=5 200 in 2034ms
 GET /api/alerts?warehouseId=cmu9cxh970007ulqg4lmvk9za 200 in 1202ms
 GET /dashboard 200 in 201ms
 ○ Compiling /api/pos/checkout ...
 ✓ Compiled /api/pos/checkout in 998ms (1189 modules)
 POST /api/pos/checkout 201 in 1245ms
 ○ Compiling /api/orders/[id] ...
 ✓ Compiled /api/orders/[id] in 1928ms (2012 modules)
 GET /api/orders/cmul9dadh0037uljcren2wndf 200 in 1580ms
 GET /dashboard 200 in 161ms
 GET /orders 200 in 769ms
 GET /api/orders/cmul9dadh0037uljcren2wndf 200 in 52ms
 GET /orders 200 in 493ms
 GET /api/orders/cmul9dadh0037uljcren2wndf 200 in 70ms
 GET /api/pos/search?q=Sugar&limit=5 200 in 843ms
 ✓ Compiled in 1414ms (819 modules)
 GET /api/warehouses 200 in 895ms
 ⨯ SyntaxError: Unexpected end of JSON input
    at JSON.parse (<anonymous>) {
  page: '/api/pos/checkout'
}
 ○ Compiling /_error ...
 ✓ Compiled /_error in 1706ms (2078 modules)
 POST /api/pos/checkout 500 in 1676ms
 POST /api/pos/checkout 201 in 179ms
 ✓ Compiled in 586ms (820 modules)
 GET /api/orders/cmul9g9cs003huljcva5r7814 200 in 185ms
 ⨯ SyntaxError: Unexpected end of JSON input
    at JSON.parse (<anonymous>) {
  page: '/api/orders/cmul9g9cs003huljcva5r7814'
}
 ✓ Compiled in 976ms (2078 modules)
 POST /api/orders/cmul9g9cs003huljcva5r7814 500 in 860ms
 POST /api/orders/cmul9g9cs003huljcva5r7814 200 in 137ms
 ✓ Compiled in 523ms (820 modules)
 GET /refunds 200 in 1123ms
 ✓ Compiled in 1061ms (820 modules)
 ✓ Compiled in 508ms (820 modules)
 GET /pos 200 in 1064ms
 ✓ Compiled in 908ms (820 modules)
 ✓ Compiled in 421ms (820 modules)
<w> [webpack.cache.PackFileCacheStrategy] Caching failed for pack: Error: ENOENT: no such file or directory, rename 'D:\New folder (2)\Najjar Supper Mart\.next\cache\webpack\client-development\0.pack.gz_' -> 'D:\New folder (2)\Najjar Supper Mart\.next\cache\webpack\client-development\0.pack.gz'
 GET /login?callbackUrl=%2Forders 200 in 147ms
 ○ Compiling /icon.svg ...
 ✓ Compiled /api/auth/session in 894ms (968 modules)
 ✓ Compiled (1097 modules)
 GET /icon.svg?51e573b1d444670c 200 in 1369ms
 GET /api/auth/session 200 in 1302ms
 GET /api/auth/session 200 in 28ms
 GET /login?callbackUrl=%2Forders 200 in 276ms
 GET /api/auth/session 200 in 40ms
 GET /api/auth/session 200 in 16ms
 GET /login?callbackUrl=%2Forders 200 in 81ms
 GET /icon.svg?51e573b1d444670c 200 in 41ms
 GET /api/auth/session 200 in 25ms
 GET /api/auth/session 200 in 38ms
 GET /login?callbackUrl=%2Forders 200 in 81ms
 GET /api/auth/session 200 in 29ms
 GET /api/auth/session 200 in 44ms
 GET /login?callbackUrl=%2Forders 200 in 85ms
 ○ Compiling /api/auth/session ...
 ✓ Compiled /api/auth/session in 1390ms (971 modules)
 ✓ Compiled (1098 modules)
 GET /api/auth/session 200 in 2068ms
 GET /icon.svg?51e573b1d444670c 404 in 2119ms
 GET /api/auth/session 200 in 29ms
 GET /login?callbackUrl=%2Forders 200 in 133ms
 GET /api/auth/session 200 in 33ms
 GET /api/auth/session 200 in 38ms
 GET /login?callbackUrl=%2Forders 200 in 100ms
 GET /icon.svg?51e573b1d444670c 200 in 54ms
 GET /api/auth/session 200 in 28ms
 GET /api/auth/session 200 in 26ms
 GET /login?callbackUrl=%2Forders 200 in 117ms
 GET /api/auth/session 200 in 45ms
 GET /api/auth/session 200 in 50ms
 GET /login?callbackUrl=%2Forders 200 in 92ms
 GET /icon.svg?51e573b1d444670c 200 in 39ms
 GET /api/auth/session 200 in 37ms
 GET /api/auth/session 200 in 25ms
 GET /login?callbackUrl=%2Forders 200 in 93ms
 GET /api/auth/session 200 in 34ms
 GET /api/auth/session 200 in 23ms
 GET /login?callbackUrl=%2Forders 200 in 90ms
 GET /icon.svg?51e573b1d444670c 200 in 32ms
 GET /api/auth/session 200 in 28ms
 GET /api/auth/session 200 in 37ms
 GET /login?callbackUrl=%2Forders 200 in 93ms
 GET /api/auth/session 200 in 33ms
 GET /api/auth/session 200 in 34ms
 GET /login?callbackUrl=%2Forders 200 in 78ms
 GET /icon.svg?51e573b1d444670c 200 in 27ms
 GET /api/auth/session 200 in 30ms
 GET /api/auth/session 200 in 38ms
 GET /login?callbackUrl=%2Forders 200 in 96ms
 GET /api/auth/session 200 in 26ms
 GET /api/auth/session 200 in 31ms
 GET /login?callbackUrl=%2Forders 200 in 92ms
 GET /icon.svg?51e573b1d444670c 200 in 37ms
 GET /api/auth/session 200 in 38ms
 GET /api/auth/session 200 in 22ms
 GET /login?callbackUrl=%2Forders 200 in 91ms
 GET /api/auth/session 200 in 40ms
 GET /api/auth/session 200 in 40ms
 GET /login?callbackUrl=%2Forders 200 in 78ms
 GET /icon.svg?51e573b1d444670c 200 in 29ms
 GET /api/auth/session 200 in 27ms
 GET /api/auth/session 200 in 37ms
 GET /login?callbackUrl=%2Forders 200 in 103ms
 GET /api/auth/session 200 in 27ms
 GET /api/auth/session 200 in 37ms
 GET /login 200 in 724ms
 GET /api/auth/session 200 in 206ms
 GET /api/auth/session 200 in 136ms
[?25h
