PASS  browser login succeeds

── PHASE: range API semantics ──
PASS  default dashboard answers
PASS  default range = today (rangeMeta echo) — 2026-09-28..2026-09-28
PASS  default granularity = daily
PASS  trend series has one bucket for today — 1 bucket(s)
PASS  7d range answers with 7 daily buckets
PASS  7d trend buckets sum ≈ rangeRevenue — 995 vs 995
PASS  30d range switches to monthly buckets — 2 month bucket(s)
PASS  30d monthly buckets sum ≈ rangeRevenue — 325146 vs 325146
PASS  warehouseComparison covers every active warehouse — 3 locations
PASS  comparison revenues sum ≈ unscoped rangeRevenue — 325146 vs 325146
PASS  scoped+range: scoped trend sum ≤ unscoped trend sum — 0 ≤ 995
PASS  scoped+range: scoped revenue ≤ unscoped revenue

── PHASE: in-page range switching + persistence ──
PASS  today headline renders (case-insensitive)
FAIL  switch to Last 7 days
PASS  headline relabels to Last 7 days
PASS  figures change between Today and 7d
FAIL  hourly hint shows single-day note on multi-day range
FAIL  prefs persisted to localStorage
FAIL  switch to Last 30 days
FAIL  headline relabels to Last 30 days
PASS  warehouse-comparison card renders
PASS  comparison card lists the locations — Main Warehouse, Store Room, Cold Storage Unit
  📸 D:\New folder (2)\Najjar Supper Mart/.audit-shots/dashboard-filters-30d.png
FAIL  range survives a full reload (per-user prefs)
FAIL  restore Today
  📸 D:\New folder (2)\Najjar Supper Mart/.audit-shots/dashboard-filters-today.png

═══ 18 PASS / 7 FAIL ═══
console errors: [
  'Failed to load resource: the server responded with a status of 500 (Internal Server Error)'
]
