PASS  browser login succeeds

── PHASE: refunds API ──
PASS  GET /api/refunds answers — status=200
  total refunds=20, reasons=5, months=6
PASS  reason breakdown shape is {reason,count,total}
PASS  reason breakdown sorted by refunded value desc
PASS  reason filter returns only matching orders — n=5

── PHASE: English refunds page ──
PASS  page title renders
PASS  KPI strip renders
PASS  date-range presets render
  📸 D:\New folder (2)\Najjar Supper Mart/.audit-shots/refunds-en.png
PASS  a reason row is clickable
PASS  active reason filter chip appears
PASS  clicked reason is marked aria-pressed=true
  📸 D:\New folder (2)\Najjar Supper Mart/.audit-shots/refunds-en-reason-filter.png
PASS  clicking the active reason clears the filter
PASS  top-reason export button is enabled — clicked
PASS  reason CSV is generated
PASS  CSV filename is stamped refund-reasons-*.csv — refund-reasons-2026-09-28.csv
PASS  CSV has localized header + reason rows

── PHASE: Urdu refunds page ──
  ↻ retrying /refunds (attempt 2)
PASS  html dir flips to rtl
PASS  Urdu title renders
PASS  Urdu export button renders
PASS  no unresolved translation keys leak
  📸 D:\New folder (2)\Najjar Supper Mart/.audit-shots/refunds-ur.png
PASS  Urdu reason row clickable
PASS  Urdu reason chip appears
  📸 D:\New folder (2)\Najjar Supper Mart/.audit-shots/refunds-ur-reason-filter.png

── PHASE: dashboard month-bar drill-down ──
  ↻ retrying /dashboard (attempt 2)
  ↻ retrying /dashboard (attempt 3)
  ↻ retrying /dashboard (attempt 4)
  ↻ retrying /dashboard (attempt 5)
PASS  dashboard refund-trend card renders
FAIL  refund-trend bars are clickable — null bar(s)

── PHASE: customers page ──
PASS  customers page renders with the KPI strip
PASS  count KPI matches the API total — ui=18 api=18
PASS  loyalty KPI sums the whole base (not one page) — ui=3,624 api=3624
PASS  sortable column headers render — 5 sortable
PASS  clicking a header activates sort — descending
  mobile dbg: {"kids":-1,"rows":6}
FAIL  mobile card list markup is present — -1 (hidden at md+)
FAIL  mobile list shows the same customers as the table — cards=-1 rows=6
  📸 D:\New folder (2)\Najjar Supper Mart/.audit-shots/customers-en.png
FAIL  row opens the customer detail modal
PASS  customers page renders in Urdu (RTL)
  📸 D:\New folder (2)\Najjar Supper Mart/.audit-shots/customers-ur.png

═══ 29 PASS / 4 FAIL ═══
console errors: [
  'Uncaught SyntaxError: Invalid or unexpected token',
  'Uncaught SyntaxError: Invalid or unexpected token'
]
