PASS  browser login succeeds

── PHASE: desktop 1440×900 ──
FAIL  products page renders
FAIL  filter bar renders (search + selects) — {"search":false,"selects":0,"segmented":0}
FAIL  view toggle renders (table/grid) — 0 buttons
FAIL  table renders data rows — 0 rows
PASS  no horizontal overflow @1440 — scrollW=1440 clientW=1440 []
FAIL  bulk toolbar appears on select-all
FAIL  bulk toolbar has 3 selects + export/print — {"present":false}
  📸 D:\New folder (2)\Najjar Supper Mart/.audit-shots/products-desktop-1440-bulkbar.png
FAIL  grid view renders product cards — 0 cards
  📸 D:\New folder (2)\Najjar Supper Mart/.audit-shots/products-desktop-1440-grid.png
FAIL  card click opens edit dialog
FAIL  edit form body is scrollable (no clipping) — sh=undefined ch=undefined
  📸 D:\New folder (2)\Najjar Supper Mart/.audit-shots/products-edit-dialog.png

── PHASE: tablet 768×1024 ──
PASS  no horizontal overflow @768 — scrollW=768
  📸 D:\New folder (2)\Najjar Supper Mart/.audit-shots/products-tablet-768.png

── PHASE: mobile 375×812 ──
PASS  no horizontal overflow @375 — scrollW=375 clientW=375 ["ASIDE.fixed.inset-y-0.start-0","DIV.flex.h-16.items-center","DIV.flex.items-center.gap-3","SPAN.neu-inset-sm.flex.h-9"]
PASS  table columns degrade on mobile (hidden cols) — {"total":8,"visible":5}
PASS  grid cards fit mobile viewport — w=305
  📸 D:\New folder (2)\Najjar Supper Mart/.audit-shots/products-mobile-375-grid.png

── PHASE: bulk workflow (desktop, self-restoring) ──
PASS  status snapshot collected — 58 products
PASS  bulk status select triggers request
PASS  bulk API returned 200 — http=200 ids=15
PASS  success toast shown
PASS  selection cleared after bulk update
  📸 D:\New folder (2)\Najjar Supper Mart/.audit-shots/products-after-bulk.png
PASS  original statuses restored — all match

── PHASE: currency conversion (desktop) ──
PASS  currency picker renders in topbar
PASS  USD selectable in picker
PASS  amounts re-render in USD (live conversion) — $0.00
PASS  reverts to store base (PKR) cleanly — {"pkr":true,"dollar":false}
  📸 D:\New folder (2)\Najjar Supper Mart/.audit-shots/products-currency-picker.png

── PHASE: URL sync (desktop) ──
   retrying deep-link nav (dev-compile race)…
PASS  deep link opens grid view with status filter — {"grid":15,"url":"?status=active&view=grid"}
PASS  URL syncs when view toggles back to table — {"cards":0,"url":"?status=active"}
  📸 D:\New folder (2)\Najjar Supper Mart/.audit-shots/products-url-sync.png

── PHASE: scan-to-fill (desktop) ──
PASS  scan button present in product form
PASS  scanner dialog opens from form — ["Welcome to your store","Add Product","Scan barcode"]
  📸 D:\New folder (2)\Najjar Supper Mart/.audit-shots/products-scan-dialog.png

═══ 20 PASS / 9 FAIL ═══
console errors: [
  'Failed to load resource: the server responded with a status of 500 (Internal Server Error)',
  'Uncaught',
  'Failed to load resource: the server responded with a status of 404 (Not Found)',
  'Uncaught'
]
