
=== follow-up UI verification against http://127.0.0.1:3000 ===

logged in

  dashboard stat cards: []
FAIL  dashboard: Total Products card renders  — missing
FAIL  dashboard: 'Needs Restock' card renders  — missing
FAIL  reports/inventory: Total Products card renders  — (missing)
  inventory KPI cards: []
FAIL  inventory: Products Tracked KPI renders  — missing
FAIL  inventory: Low Stock KPI renders  — missing
FAIL  inventory: Out of Stock KPI renders  — missing
FAIL  inventory: 'N results' counter renders  — (none)

  /api/inventory: {"scope":"?all=true","allItems":153,"allTotal":153,"allPage":1,"allPageSize":153,"allPages":1,"allStockRows":153,"allLow":91,"allOut":12,"defItems":50,"defTotal":153,"defPageSize":50} 

PASS  inventory API: all=true returns every in-scope row  — items=153 total=153 stockRows=153
PASS  inventory API: all=true is a single unpaginated page  — page=1 pages=1 pageSize=153
PASS  inventory API: default (no all) is still paged  — pageSize=50 items=50 total=153
FAIL  inventory table lists EVERY in-scope row, not just page 1  — dom rows=6 scoped total=153 (default page would cap at 50)
FAIL  inventory: 'Restock only' chip badge === Low + Out KPIs  — chip=null vs 91+12
FAIL  inventory: Export menu opens
FAIL  inventory: Export menu offers CSV
FAIL  inventory: CSV export produced content  — (item not clickable)
PASS  settings: 'Early restock warnings' switch renders  — aria-checked=false
FAIL  no console errors  — UNCAUGHT: SyntaxError: Invalid or unexpected token @ http://127.0.0.1:3000/_next/static/chunks/app/layout.js:200
PASS  no failed requests

=== 5/18 checks passed ===

FAILURES:
  - dashboard: Total Products card renders  missing
  - dashboard: 'Needs Restock' card renders  missing
  - reports/inventory: Total Products card renders  (missing)
  - inventory: Products Tracked KPI renders  missing
  - inventory: Low Stock KPI renders  missing
  - inventory: Out of Stock KPI renders  missing
  - inventory: 'N results' counter renders  (none)
  - inventory table lists EVERY in-scope row, not just page 1  dom rows=6 scoped total=153 (default page would cap at 50)
  - inventory: 'Restock only' chip badge === Low + Out KPIs  chip=null vs 91+12
  - inventory: Export menu opens  
  - inventory: Export menu offers CSV  
  - inventory: CSV export produced content  (item not clickable)
  - no console errors  UNCAUGHT: SyntaxError: Invalid or unexpected token @ http://127.0.0.1:3000/_next/static/chunks/app/layout.js:200
