PASS  browser login succeeds
PASS  browser session ready for in-page API calls

── PHASE: /api/settings/currency ──
PASS  currency endpoint answers for a signed-in session — 200 PKR

── PHASE: dashboard (desktop, light) ──
PASS  dashboard renders
FAIL  KPI section renders with live data
PASS  no raw i18n keys leak into the UI
PASS  Top Customers card title localizes
PASS  Order Status Breakdown card title localizes
PASS  outstanding-dues KPI localizes
PASS  manual refresh button present
PASS  each heatmap row = 1 label + 24 cells (no duplicated label) — [25,25,25,25,25,25,25,25]
  (activity feed empty — template check skipped)
  📸 D:\New folder (2)\Najjar Supper Mart/.audit-shots/dashboard-light-desktop.png

── PHASE: settings-aware currency ──
PASS  settings PUT accepts a currency change (USD)
PASS  dashboard amounts re-format to the store currency (USD)
  📸 D:\New folder (2)\Najjar Supper Mart/.audit-shots/dashboard-currency-switch.png
PASS  original currency restored — PKR

── PHASE: dark mode + command palette ──
FAIL  theme toggle switches to dark
PASS  ⌘K palette opens
PASS  palette surface is dark-aware (not white) — rgb(230, 236, 240)
  📸 D:\New folder (2)\Najjar Supper Mart/.audit-shots/dashboard-dark-palette.png

── PHASE: Urdu RTL ──
PASS  language toggle switches to Urdu RTL
  📸 D:\New folder (2)\Najjar Supper Mart/.audit-shots/dashboard-ur-rtl.png
PASS  h1 renders Urdu text — ڈیش بورڈ

── PHASE: mobile 390×844 ──
PASS  no horizontal page overflow on mobile — overflow=0px
  📸 D:\New folder (2)\Najjar Supper Mart/.audit-shots/dashboard-mobile.png

═══ 18 PASS / 2 FAIL ═══
